20:48:29 **** Incremental Build of configuration Debug for project Blink ****
make -j3 all 
arm-none-eabi-gcc "../Core/Src/main.c" -mcpu=cortex-m3 -std=gnu11 -g3 -DDEBUG -DUSE_HAL_DRIVER -DSTM32F103xB -c -I../Core/Inc -I../Drivers/STM32F1xx_HAL_Driver/Inc/Legacy -I../Drivers/STM32F1xx_HAL_Driver/Inc -I../Drivers/CMSIS/Device/ST/STM32F1xx/Include -I../Drivers/CMSIS/Include -O0 -ffunction-sections -fdata-sections -Wall -fstack-usage -fcyclomatic-complexity -MMD -MP -MF"Core/Src/main.d" -MT"Core/Src/main.o" --specs=nano.specs -mfloat-abi=soft -mthumb -o "Core/Src/main.o"
arm-none-eabi-gcc -o "Blink.elf" @"objects.list"   -mcpu=cortex-m3 -T"/Users/hectortamayo/STM32CubeIDE/workspace_1.14.0/Blink/STM32F103C8TX_FLASH.ld" --specs=nosys.specs -Wl,-Map="Blink.map" -Wl,--gc-sections -static --specs=nano.specs -mfloat-abi=soft -mthumb -Wl,--start-group -lc -lm -Wl,--end-group
Finished building target: Blink.elf
 
arm-none-eabi-size  Blink.elf 
arm-none-eabi-objdump -h -S Blink.elf  > "Blink.list"
arm-none-eabi-objcopy  -O ihex Blink.elf  "Blink.hex"
   text	   data	    bss	    dec	    hex	filename
   4616	     20	   1572	   6208	   1840	Blink.elf
Finished building: default.size.stdout
 
Finished building: Blink.hex
 
Finished building: Blink.list
 

20:48:31 Build Finished. 0 errors, 0 warnings. (took 1s.368ms)

