13:01:14 **** Incremental Build of configuration Debug for project Display_Contador ****
make -j3 all 
arm-none-eabi-gcc "../Core/Src/main.c" -mcpu=cortex-m3 -std=gnu11 -g3 -DDEBUG -DUSE_HAL_DRIVER -DSTM32F103xB -c -I../Core/Inc -I../Drivers/STM32F1xx_HAL_Driver/Inc/Legacy -I../Drivers/STM32F1xx_HAL_Driver/Inc -I../Drivers/CMSIS/Device/ST/STM32F1xx/Include -I../Drivers/CMSIS/Include -O0 -ffunction-sections -fdata-sections -Wall -fstack-usage -fcyclomatic-complexity -MMD -MP -MF"Core/Src/main.d" -MT"Core/Src/main.o" --specs=nano.specs -mfloat-abi=soft -mthumb -o "Core/Src/main.o"
arm-none-eabi-gcc -o "Display_Contador.elf" @"objects.list"   -mcpu=cortex-m3 -T"/Users/hectortamayo/STM32CubeIDE/workspace_1.14.0/Display_Contador/STM32F103C8TX_FLASH.ld" --specs=nosys.specs -Wl,-Map="Display_Contador.map" -Wl,--gc-sections -static --specs=nano.specs -mfloat-abi=soft -mthumb -Wl,--start-group -lc -lm -Wl,--end-group
Finished building target: Display_Contador.elf
 
arm-none-eabi-size  Display_Contador.elf 
arm-none-eabi-objdump -h -S Display_Contador.elf  > "Display_Contador.list"
arm-none-eabi-objcopy  -O ihex Display_Contador.elf  "Display_Contador.hex"
   text	   data	    bss	    dec	    hex	filename
   4976	     32	   1576	   6584	   19b8	Display_Contador.elf
Finished building: default.size.stdout
 
Finished building: Display_Contador.hex
 
Finished building: Display_Contador.list
 
