16:32:25 **** Build of configuration Debug for project LCD_I2C ****
make -j3 all 
make: Warning: File 'Core/Startup/startup_stm32f103c8tx.d' has modification time 21061 s in the future
arm-none-eabi-gcc "../Core/Src/gpio.c" -mcpu=cortex-m3 -std=gnu11 -g3 -DDEBUG -DUSE_HAL_DRIVER -DSTM32F103xB -c -I../Core/Inc -I../Drivers/STM32F1xx_HAL_Driver/Inc/Legacy -I../Drivers/STM32F1xx_HAL_Driver/Inc -I../Drivers/CMSIS/Device/ST/STM32F1xx/Include -I../Drivers/CMSIS/Include -O0 -ffunction-sections -fdata-sections -Wall -fstack-usage -fcyclomatic-complexity -MMD -MP -MF"Core/Src/gpio.d" -MT"Core/Src/gpio.o" --specs=nano.specs -mfloat-abi=soft -mthumb -o "Core/Src/gpio.o"
arm-none-eabi-gcc "../Core/Src/i2c.c" -mcpu=cortex-m3 -std=gnu11 -g3 -DDEBUG -DUSE_HAL_DRIVER -DSTM32F103xB -c -I../Core/Inc -I../Drivers/STM32F1xx_HAL_Driver/Inc/Legacy -I../Drivers/STM32F1xx_HAL_Driver/Inc -I../Drivers/CMSIS/Device/ST/STM32F1xx/Include -I../Drivers/CMSIS/Include -O0 -ffunction-sections -fdata-sections -Wall -fstack-usage -fcyclomatic-complexity -MMD -MP -MF"Core/Src/i2c.d" -MT"Core/Src/i2c.o" --specs=nano.specs -mfloat-abi=soft -mthumb -o "Core/Src/i2c.o"
arm-none-eabi-size  LCD_I2C.elf 
arm-none-eabi-objcopy  -O ihex LCD_I2C.elf  "LCD_I2C.hex"
   text	   data	    bss	    dec	    hex	filename
  24440	    484	   1700	  26624	   6800	LCD_I2C.elf
Finished building: default.size.stdout
 
Finished building: LCD_I2C.hex
 
make: warning:  Clock skew detected.  Your build may be incomplete.

16:32:26 Build Finished. 0 errors, 0 warnings. (took 1s.72ms)

